EN seg7_hex NULL "D:/VHDL Projects/Lab1/seg7_hex.vhd" sub00/vhpl00 1433451422
EN lab1_top NULL "D:/VHDL Projects/Lab1/lab1_top.vhd" sub00/vhpl02 1433451424
AR seg7_hex behavioral "D:/VHDL Projects/Lab1/seg7_hex.vhd" sub00/vhpl01 1433451423
AR lab1_top behavioral "D:/VHDL Projects/Lab1/lab1_top.vhd" sub00/vhpl03 1433451425
