V3 4
FL "D:/VHDL Projects/Lab2/top_level.vhd" 2015/06/05.16:34:34 P.20131013
EN work/lab2_top 1433610489 FL "D:/VHDL Projects/Lab2/top_level.vhd" \
      PB ieee/std_logic_1164 1381692176 PB ieee/NUMERIC_STD 1381692181 LB work
AR work/lab2_top/Behavioral 1433610490 \
      FL "D:/VHDL Projects/Lab2/top_level.vhd" EN work/lab2_top 1433610489
